// Jest Snapshot v1, https://goo.gl/fbAQLP

exports[`Testing details page: <BooksList /> component Should match the snapshot 1`] = `
Array [
  <nav
    className="navbarTop"
  >
    <div
      className="contentnavbarTop"
    >
      <a
        aria-current="page"
        className="iconBox active"
        href="/"
        onClick={[Function]}
      >
        <img
          alt="goBack"
          src="backward-step-svgrepo-com.svg"
        />
        <p
          className="yearNavbar"
        >
          2023
           
        </p>
      </a>
      <p
        className="titleNavbar"
      >
        New York Times Best Sellers Books
      </p>
      <div
        className="iconBox"
      >
        <img
          alt="mic"
          src="mic-svgrepo-com.svg"
        />
      </div>
      <div
        className="iconBox"
      >
        <img
          alt="config"
          src="gear-svgrepo-com.svg"
        />
      </div>
    </div>
  </nav>,
  <section
    className="navbarBottom"
  >
    <div
      className="catImgContainer"
    >
      <img
        alt="catImg"
        src="library-svgrepo-com.svg"
      />
    </div>
    <div
      className="titleCountBox"
    >
      <h1
        className="titleCategories"
      >
        No list loaded
      </h1>
      <p
        className="counterNavbar"
      >
        4
         
        Items
      </p>
    </div>
  </section>,
  <p
    className="listDate"
  >
    Ranking Date: no Date
  </p>,
  <section
    className="booksDetailsBox"
  >
    <article
      className="bookBox"
      data-testid="bookBox"
    >
      <section
        className="bookTitle"
      >
        <div
          className="rankData"
        >
          <h2
            className="rankNumber"
          >
            1
          </h2>
          <div
            className="arrowRankBox"
          >
            <img
              alt="UpArrow"
              className="arrowRank"
              src="up-arrow-svgrepo-com.svg"
            />
          </div>
          <div
            className="bookCoverBox"
          >
            <img
              alt="THE MAID"
              src="https://storage.googleapis.com/du-prd/books/images/9780593356159.jpg"
            />
          </div>
        </div>
        <div
          className="titleAuthorBook"
        >
          <h2>
            THE MAID
          </h2>
          <span>
            by Nita Prose
          </span>
          <span
            className="weeksList"
          >
            9 WEEKS ON THE LIST
          </span>
        </div>
      </section>
    </article>
    <article
      className="bookBox"
      data-testid="bookBox"
    >
      <section
        className="bookTitle"
      >
        <div
          className="rankData"
        >
          <h2
            className="rankNumber"
          >
            2
          </h2>
          <div
            className="arrowRankBox"
          >
            <img
              alt="UpArrow"
              className="arrowRank"
              src="up-arrow-svgrepo-com.svg"
            />
          </div>
          <div
            className="bookCoverBox"
          >
            <img
              alt="Book 2"
              src="https://storage.googleapis.com/du-prd/books/images/9780593356159.jpg"
            />
          </div>
        </div>
        <div
          className="titleAuthorBook"
        >
          <h2>
            Book 2
          </h2>
          <span>
            by Author2
          </span>
          <span
            className="weeksList"
          >
            9 WEEKS ON THE LIST
          </span>
        </div>
      </section>
    </article>
    <article
      className="bookBox"
      data-testid="bookBox"
    >
      <section
        className="bookTitle"
      >
        <div
          className="rankData"
        >
          <h2
            className="rankNumber"
          >
            3
          </h2>
          <div
            className="arrowRankBox"
          >
            <img
              alt="UpArrow"
              className="arrowRank"
              src="up-arrow-svgrepo-com.svg"
            />
          </div>
          <div
            className="bookCoverBox"
          >
            <img
              alt="Book 3"
              src="https://storage.googleapis.com/du-prd/books/images/9780593356159.jpg"
            />
          </div>
        </div>
        <div
          className="titleAuthorBook"
        >
          <h2>
            Book 3
          </h2>
          <span>
            by Author3
          </span>
          <span
            className="weeksList"
          >
            9 WEEKS ON THE LIST
          </span>
        </div>
      </section>
    </article>
    <article
      className="bookBox"
      data-testid="bookBox"
    >
      <section
        className="bookTitle"
      >
        <div
          className="rankData"
        >
          <h2
            className="rankNumber"
          >
            4
          </h2>
          <div
            className="arrowRankBox"
          >
            <img
              alt="UpArrow"
              className="arrowRank"
              src="up-arrow-svgrepo-com.svg"
            />
          </div>
          <div
            className="bookCoverBox"
          >
            <img
              alt="Book 4"
              src="https://storage.googleapis.com/du-prd/books/images/9780593356159.jpg"
            />
          </div>
        </div>
        <div
          className="titleAuthorBook"
        >
          <h2>
            Book 4
          </h2>
          <span>
            by Author4
          </span>
          <span
            className="weeksList"
          >
            9 WEEKS ON THE LIST
          </span>
        </div>
      </section>
    </article>
  </section>,
]
`;
